> source('/mnt/excess/RWorkSpace/Assignment2/Assignment2/Knn.R')
Loading required package: pROC
Type 'citation("pROC")' for a citation.

Attaching package: ‘pROC’

The following objects are masked from ‘package:stats’:

    cov, smooth, var

[1] 1
[1] 1
[1] 1
[1] 1
[1] 1
[1] 0.975
[1] 0.925
[1] 0.975
[1] 1
[1] 0.99375
[1] 0.9875
[1] 1
[1] 0.9308176
[1] 0.975
[1] 0.99375
[1] 0.9875
[1] 1
[1] 0.8875
[1] 0.9375
[1] 0.8375
> accuracyArray <- {}
> accuracyArray
NULL
> source('/mnt/excess/RWorkSpace/Assignment2/Assignment2/Knn.R')
[1] 1
[1] 1
[1] 1
[1] 1
[1] 1
[1] 0.975
[1] 0.93125
[1] 0.98125
[1] 1
[1] 0.99375
[1] 0.9875
[1] 1
[1] 0.9245283
[1] 0.975
[1] 1
[1] 0.9875
[1] 1
[1] 0.8875
[1] 0.9375
[1] 0.84375
> accuracyArray
 [1] 1.0000000 1.0000000 1.0000000 1.0000000 1.0000000 0.9750000 0.9312500 0.9812500 1.0000000
[10] 0.9937500 0.9875000 1.0000000 0.9245283 0.9750000 1.0000000 0.9875000 1.0000000 0.8875000
[19] 0.9375000 0.8437500
> sum(accuracyArray/length(accuracyArray))
[1] 0.9712264
> source('/mnt/excess/RWorkSpace/Assignment2/Assignment2/Knn.R')
[1] 1
[1] 1
[1] 1
[1] 1
[1] 1
[1] 0.94375
[1] 0.9375
[1] 0.975
[1] 1
[1] 0.98125
[1] 1
[1] 1
[1] 0.9371069
[1] 0.98125
[1] 1
[1] 0.9875
[1] 1
[1] 0.89375
[1] 0.925
[1] 0.825
> sum(accuracyArray/length(accuracyArray))
[1] 0.9693553
> source('/mnt/excess/RWorkSpace/Assignment2/Assignment2/Knn.R')
[1] 1
[1] 1
[1] 1
[1] 1
[1] 1
[1] 0.99375
[1] 0.9375
[1] 0.98125
[1] 1
[1] 1
[1] 0.96875
[1] 1
[1] 0.9245283
[1] 0.96875
[1] 0.99375
[1] 0.9875
[1] 1
[1] 0.8875
[1] 0.925
[1] 0.875
> sum(accuracyArray/length(accuracyArray))
[1] 0.9721639
> source('/mnt/excess/RWorkSpace/Assignment2/Assignment2/Knn.R')
[1] 1
[1] 1
[1] 1
[1] 1
[1] 1
[1] 0.9875
[1] 0.9375
[1] 0.98125
[1] 1
[1] 1
[1] 0.95625
[1] 1
[1] 0.9308176
[1] 0.9625
[1] 0.99375
[1] 0.9875
[1] 1
[1] 0.9
[1] 0.91875
[1] 0.88125
> sum(accuracyArray/length(accuracyArray))
[1] 0.9718534
> source('/mnt/excess/RWorkSpace/Assignment2/Assignment2/Knn.R')
[1] 1
[1] 1
[1] 1
[1] 1
[1] 1
[1] 1
[1] 0.93125
[1] 0.975
[1] 1
[1] 0.99375
[1] 0.95
[1] 1
[1] 0.9245283
[1] 0.96875
[1] 1
[1] 0.9875
[1] 1
[1] 0.9
[1] 0.93125
[1] 0.875
> sum(accuracyArray/length(accuracyArray))
[1] 0.9718514
> source('/mnt/excess/RWorkSpace/Assignment2/Assignment2/Knn.R')
[1] 1
[1] 1
[1] 1
[1] 1
[1] 1
[1] 0.99375
[1] 0.93125
[1] 0.975
[1] 1
[1] 0.99375
[1] 0.975
[1] 1
[1] 0.9245283
[1] 0.96875
[1] 1
[1] 0.9875
[1] 1
[1] 0.89375
[1] 0.9125
[1] 0.88125
> sum(accuracyArray/length(accuracyArray))
[1] 0.9718514
> source('/mnt/excess/RWorkSpace/Assignment2/Assignment2/Knn.R')
[1] 1
[1] 1
[1] 1
[1] 1
[1] 1
[1] 0.975
[1] 0.93125
[1] 0.975
[1] 1
[1] 0.99375
[1] 0.98125
[1] 1
[1] 0.9371069
[1] 0.975
[1] 1
[1] 0.9875
[1] 1
[1] 0.89375
[1] 0.93125
[1] 0.85
> sum(accuracyArray/length(accuracyArray))
[1] 0.9715428
> source('/mnt/excess/RWorkSpace/Assignment2/Assignment2/Bagging.R')
Loading required package: adabag
Loading required package: rpart
Loading required package: mlbench
Loading required package: caret
Loading required package: lattice
Loading required package: ggplot2
$error
[1] 0.0250 0.0250 0.0250 0.0125 0.0125

attr(,"class")
[1] "errorevol"
$error
[1] 0 0 0 0 0

attr(,"class")
[1] "errorevol"
$error
[1] 0.01875 0.01250 0.01250 0.00000 0.00000

attr(,"class")
[1] "errorevol"

> accuracyArray <- errorevol(pred,testData)
> accuracyArray
$error
[1] 0.00625 0.00000 0.00000 0.00000 0.00000

attr(,"class")
[1] "errorevol"
> accuracyArray$error
[1] 0.00625 0.00000 0.00000 0.00000 0.00000
> accuracyArray <- {}
> accuracyArray <- append(accuracyArray,errorevol(pred,testData)$error)
> accuracyArray
[1] 0.00625 0.00000 0.00000 0.00000 0.00000
> accuracyArray <- append(accuracyArray,errorevol(pred,testData)$error)
> accuracyArray
 [1] 0.00625 0.00000 0.00000 0.00000 0.00000 0.00625 0.00000 0.00000 0.00000 0.00000
> source('/mnt/excess/RWorkSpace/Assignment2/Assignment2/Bagging.R')
$error
[1] 0.0125 0.0125 0.0250 0.0250 0.0250

attr(,"class")
[1] "errorevol"
$error
[1] 0 0 0 0 0

attr(,"class")
[1] "errorevol"
$error
[1] 0.01875 0.00000 0.00000 0.00000 0.00000

attr(,"class")
[1] "errorevol"
$error
[1] 0.02500 0.00000 0.00000 0.00000 0.00625

attr(,"class")
[1] "errorevol"
$error
[1] 0.000000000 0.000000000 0.006289308 0.000000000 0.006289308

attr(,"class")
[1] "errorevol"
$error
[1] 0.0000 0.0125 0.0000 0.0000 0.0000

attr(,"class")
[1] "errorevol"
$error
[1] 0.02500 0.01250 0.03125 0.01250 0.01875

attr(,"class")
[1] "errorevol"
$error
[1] 0.01250 0.00625 0.00625 0.00625 0.00625

attr(,"class")
[1] "errorevol"
$error
[1] 0 0 0 0 0

attr(,"class")
[1] "errorevol"
$error
[1] 0 0 0 0 0

attr(,"class")
[1] "errorevol"
$error
[1] 0.03125 0.02500 0.02500 0.02500 0.02500

attr(,"class")
[1] "errorevol"
$error
[1] 0.01875 0.00000 0.00625 0.00000 0.00625

attr(,"class")
[1] "errorevol"
$error
[1] 0 0 0 0 0

attr(,"class")
[1] "errorevol"
$error
[1] 0 0 0 0 0

attr(,"class")
[1] "errorevol"
$error
[1] 0 0 0 0 0

attr(,"class")
[1] "errorevol"
$error
[1] 0 0 0 0 0

attr(,"class")
[1] "errorevol"
$error
[1] 0.00000000 0.00000000 0.01257862 0.00000000 0.01257862

attr(,"class")
[1] "errorevol"
$error
[1] 0.12500 0.10000 0.10625 0.10000 0.13125

attr(,"class")
[1] "errorevol"
$error
[1] 0.12500 0.10625 0.10625 0.10000 0.10000

attr(,"class")
[1] "errorevol"
$error
[1] 0.13125 0.04375 0.05000 0.03750 0.05000

attr(,"class")
[1] "errorevol"
> accuracyArray
  [1] 0.012500000 0.012500000 0.025000000 0.025000000 0.025000000 0.000000000 0.000000000
  [8] 0.000000000 0.000000000 0.000000000 0.018750000 0.000000000 0.000000000 0.000000000
 [15] 0.000000000 0.025000000 0.000000000 0.000000000 0.000000000 0.006250000 0.000000000
 [22] 0.000000000 0.006289308 0.000000000 0.006289308 0.000000000 0.012500000 0.000000000
 [29] 0.000000000 0.000000000 0.025000000 0.012500000 0.031250000 0.012500000 0.018750000
 [36] 0.012500000 0.006250000 0.006250000 0.006250000 0.006250000 0.000000000 0.000000000
 [43] 0.000000000 0.000000000 0.000000000 0.000000000 0.000000000 0.000000000 0.000000000
 [50] 0.000000000 0.031250000 0.025000000 0.025000000 0.025000000 0.025000000 0.018750000
 [57] 0.000000000 0.006250000 0.000000000 0.006250000 0.000000000 0.000000000 0.000000000
 [64] 0.000000000 0.000000000 0.000000000 0.000000000 0.000000000 0.000000000 0.000000000
 [71] 0.000000000 0.000000000 0.000000000 0.000000000 0.000000000 0.000000000 0.000000000
 [78] 0.000000000 0.000000000 0.000000000 0.000000000 0.000000000 0.012578616 0.000000000
 [85] 0.012578616 0.125000000 0.100000000 0.106250000 0.100000000 0.131250000 0.125000000
 [92] 0.106250000 0.106250000 0.100000000 0.100000000 0.131250000 0.043750000 0.050000000
 [99] 0.037500000 0.050000000
> sum(accuracyArray/length(accuracyArray))
[1] 0.01912736
